// Jest Snapshot v1, https://goo.gl/fbAQLP

exports[`<Home /> component should match initial snapshot 1`] = `
<div>
  <div
    class="chakra-stack css-14witgw"
  >
    <h1
      class="chakra-heading css-0"
    >
      Smart traveller
    </h1>
    <div
      class="chakra-container css-gygvqc"
    >
      <div
        class="chakra-input__group css-4302v8"
      >
        <input
          aria-label="search-input"
          class="chakra-input css-0"
          value=""
        />
        <div
          class="chakra-input__right-element css-dp9r5f"
        >
          <button
            aria-label="search-button"
            class="chakra-button css-198bfjk"
            type="button"
          >
            <svg
              aria-hidden="true"
              class="chakra-icon css-onkibi"
              focusable="false"
              viewBox="0 0 24 24"
            >
              <path
                d="M23.414,20.591l-4.645-4.645a10.256,10.256,0,1,0-2.828,2.829l4.645,4.644a2.025,2.025,0,0,0,2.828,0A2,2,0,0,0,23.414,20.591ZM10.25,3.005A7.25,7.25,0,1,1,3,10.255,7.258,7.258,0,0,1,10.25,3.005Z"
                fill="currentColor"
              />
            </svg>
          </button>
        </div>
      </div>
      <div
        aria-label="city-list"
        class="css-63tcgz"
      />
    </div>
  </div>
</div>
`;
