// Jest Snapshot v1, https://goo.gl/fbAQLP

exports[`<Visited /> component should match initial snapshot 1`] = `
<div>
  <h1
    class="chakra-heading css-0"
  >
    Visited
  </h1>
  <div
    class="chakra-container css-gygvqc"
  >
    <div
      class="css-90haw7"
    >
      <div
        aria-valuemax="100"
        aria-valuemin="0"
        class="css-1demtxk"
        data-indeterminate=""
        role="progressbar"
        style="width: 0%;"
      />
    </div>
    <div
      aria-label="city-list"
      class="css-63tcgz"
    />
  </div>
</div>
`;
